// Jest Snapshot v1, https://goo.gl/fbAQLP

exports[`renders 1`] = `
<Box
  animation={
    Array [
      Object {
        "delay": 0,
        "duration": 1000,
        "type": "fadeIn",
      },
      Object {
        "delay": 2500,
        "duration": 500,
        "type": "fadeOut",
      },
    ]
  }
>
  <Text
    level={1}
  >
    Hello...
  </Text>
</Box>
`;
